// Jest Snapshot v1, https://goo.gl/fbAQLP

exports[`MovieNotFound should match snapshot 1`] = `
<div
  className="no-found"
>
  No films found
</div>
`;
