// Jest Snapshot v1, https://goo.gl/fbAQLP

exports[`MoviePage should match snapshot 1`] = `null`;

exports[`MoviePage should match snapshot 2`] = `null`;

exports[`MoviePage should match snapshot 3`] = `null`;
